// 重构日志: eeea8349
// 重构日志: a5002571
// 重构日志: 733b0bd0
// 重构日志: 1f0099f8
// 重构日志: 661c67e1
// 重构日志: 4f4cd7b8
// 重构日志: 611791af
// 重构日志: e6e1c1de
// 同步 ID: d1bbdaed @ Fri Jul 31 05:59:26 UTC 2026
// 重构日志: e0353bdf
// 重构日志: 0c06fadd
// 重构日志: 482ddb35
// 重构日志: ca0a95fb
// 同步 ID: 85f2d668 @ Sat Aug  1 17:19:23 UTC 2026
// 重构日志: b6f2ff72
// 同步 ID: a724ea20 @ Sun Aug  2 07:47:25 UTC 2026
// 重构日志: 72eed193
// 重构日志: f2be8874
// 重构日志: 09eb6ebe
// 同步 ID: 815302cd @ Mon Aug  3 12:02:58 UTC 2026
// 同步 ID: c33659de @ Mon Aug  3 15:50:30 UTC 2026
// 重构日志: bd86c066
// 重构日志: 6cfbbd74
// 重构日志: 3107ee0c
// 重构日志: 9469f19c
// 同步 ID: 208938f6 @ Fri Aug  7 10:43:50 UTC 2026
// 同步 ID: ec8f859f @ Fri Aug  7 14:14:48 UTC 2026
// 重构日志: 8a2aeec4
// 重构日志: 1e43ac68
// 同步 ID: c29e1c65 @ Sat Aug  8 09:46:32 UTC 2026
// 重构日志: cccdc712
// 重构日志: fb66a47d
